<?xml version="1.0" encoding="UTF-8"?>
<TestRun id="0e060881-df5f-47c9-8c05-bca1d2077755" name="junji@JUNJI_X200 2008-12-21 07:12:56" runUser="JUNJI_X200\junji" xmlns="http://microsoft.com/schemas/VisualStudio/TeamTest/2006">
  <TestRunConfiguration name="既定の実行構成" id="4df88c2d-f859-4c64-9adb-af8c027d044e">
    <Deployment runDeploymentRoot="C:\junji\doc\school\ojl\tlv\src\TestResults\junji_JUNJI_X200 2008-12-21 07_12_56">
      <DeploymentItem filename="C:\junji\doc\school\ojl\tlv\src\Core\bin\Debug\NU.OJL.MPRTOS.TLV.Core.dll" />
      <DeploymentItem filename="C:\junji\doc\school\ojl\tlv\src\Third\bin\Debug\NU.OJL.MPRTOS.TLV.Third.dll" />
      <DeploymentItem filename="C:\junji\doc\school\ojl\tlv\src\Base\bin\Debug\NU.OJL.MPRTOS.TLV.Base.dll" />
    </Deployment>
    <Hosts skipUnhostableTests="false" />
    <TestTypeSpecific />
  </TestRunConfiguration>
  <ResultSummary outcome="Completed">
    <Counters total="1" executed="1" passed="1" error="0" failed="0" timeout="0" aborted="0" inconclusive="0" passedButRunAborted="0" notRunnable="0" notExecuted="0" disconnected="0" warning="0" completed="0" inProgress="0" pending="0" />
  </ResultSummary>
  <Times creation="2008-12-21T07:12:56.9531250+09:00" queuing="2008-12-21T07:12:58.1875000+09:00" start="2008-12-21T07:12:58.4218750+09:00" finish="2008-12-21T07:12:58.8125000+09:00" />
  <TestDefinitions>
    <UnitTest name="ToDecimalTest" storage="c:\junji\doc\school\ojl\tlv\src\test\bin\debug\test.dll" id="7e3dee61-5d71-11a2-234d-27d093e91f58">
      <Css projectStructure="" iteration="" />
      <Owners>
        <Owner name="" />
      </Owners>
      <Execution id="391600de-40b7-4e51-a5cd-42ea8d6c9628" />
      <TestMethod codeBase="C:\junji\doc\school\ojl\tlv\src\Test\bin\Debug\Test.dll" adapterTypeName="Microsoft.VisualStudio.TestTools.TestTypes.Unit.UnitTestAdapter, Microsoft.VisualStudio.QualityTools.Tips.UnitTest.Adapter, Version=9.0.0.0, Culture=neutral, PublicKeyToken=b03f5f7f11d50a3a" className="Test.StringExtensionTest, Test" name="ToDecimalTest" />
    </UnitTest>
  </TestDefinitions>
  <TestLists>
    <TestList name="一覧に存在しない結果" id="8c84fa94-04c1-424b-9868-57a2d4851a1d" />
    <TestList name="読み込まれたすべての結果" id="19431567-8539-422a-85d7-44ee4e166bda" />
  </TestLists>
  <TestEntries>
    <TestEntry testId="7e3dee61-5d71-11a2-234d-27d093e91f58" executionId="391600de-40b7-4e51-a5cd-42ea8d6c9628" testListId="8c84fa94-04c1-424b-9868-57a2d4851a1d" />
  </TestEntries>
  <Results>
    <UnitTestResult executionId="391600de-40b7-4e51-a5cd-42ea8d6c9628" testId="7e3dee61-5d71-11a2-234d-27d093e91f58" testName="ToDecimalTest" computerName="JUNJI_X200" duration="00:00:00.0230308" startTime="2008-12-21T07:12:58.5000000+09:00" endTime="2008-12-21T07:12:58.7656250+09:00" testType="13cdc9d9-ddb5-4fa4-a97d-d965ccfc6d4b" outcome="Passed" testListId="8c84fa94-04c1-424b-9868-57a2d4851a1d">
      <Output>
      </Output>
    </UnitTestResult>
  </Results>
</TestRun>