<?xml version="1.0" encoding="UTF-8"?>
<TestRun id="f9ec2556-9f81-4084-b5a3-e1e860270d87" name="junji@JUNJI_X200 2008-12-19 14:42:42" runUser="JUNJI_X200\junji" xmlns="http://microsoft.com/schemas/VisualStudio/TeamTest/2006">
  <TestRunConfiguration name="既定の実行構成" id="5528d6cb-8e70-4126-8293-4bdc7512b745">
    <Deployment runDeploymentRoot="C:\junji\doc\school\ojl\tlv\src\TestResults\junji_JUNJI_X200 2008-12-19 14_42_42">
      <DeploymentItem filename="C:\junji\doc\school\ojl\tlv\src\Core\bin\Debug\NU.OJL.MPRTOS.TLV.Core.dll" />
      <DeploymentItem filename="C:\junji\doc\school\ojl\tlv\src\Third\bin\Debug\NU.OJL.MPRTOS.TLV.Third.dll" />
      <DeploymentItem filename="C:\junji\doc\school\ojl\tlv\src\Base\bin\Debug\NU.OJL.MPRTOS.TLV.Base.dll" />
    </Deployment>
    <Hosts skipUnhostableTests="false" />
    <TestTypeSpecific />
  </TestRunConfiguration>
  <ResultSummary outcome="Error">
    <Counters total="49" executed="25" passed="24" error="0" failed="0" timeout="0" aborted="1" inconclusive="0" passedButRunAborted="0" notRunnable="0" notExecuted="24" disconnected="0" warning="0" completed="0" inProgress="0" pending="0" />
    <RunInfos>
      <RunInfo computerName="JUNJI_X200" outcome="Error" timestamp="2008-12-19T14:43:20.6250000+09:00">
        <Text>テストのホスト プロセスは予期せずに終了しました。</Text>
      </RunInfo>
    </RunInfos>
  </ResultSummary>
  <Times creation="2008-12-19T14:42:42.7968750+09:00" queuing="2008-12-19T14:42:44.5156250+09:00" start="2008-12-19T14:42:44.7656250+09:00" finish="2008-12-19T14:43:20.6250000+09:00" />
  <TestDefinitions>
    <UnitTest name="ShowSubWindowTest" storage="c:\junji\doc\school\ojl\tlv\src\test\bin\debug\test.dll" id="16022dc8-380a-68ca-eea4-0f5d6bc43397">
      <Css projectStructure="" iteration="" />
      <Owners>
        <Owner name="" />
      </Owners>
      <Execution id="c75820cd-8bd8-4cb2-bf76-48c6360ce07e" />
      <TestMethod codeBase="C:\junji\doc\school\ojl\tlv\src\Test\bin\Debug\Test.dll" adapterTypeName="Microsoft.VisualStudio.TestTools.TestTypes.Unit.UnitTestAdapter, Microsoft.VisualStudio.QualityTools.Tips.UnitTest.Adapter, Version=9.0.0.0, Culture=neutral, PublicKeyToken=b03f5f7f11d50a3a" className="NU.OJL.MPRTOS.TLV.Test.WindowManagerTest, Test" name="ShowSubWindowTest" />
    </UnitTest>
    <UnitTest name="GeneralCommandConstructorTest" storage="c:\junji\doc\school\ojl\tlv\src\test\bin\debug\test.dll" id="a0a7198b-b6bc-50d8-ffbd-3361891fcb37">
      <Css projectStructure="" iteration="" />
      <Owners>
        <Owner name="" />
      </Owners>
      <TestMethod codeBase="C:\junji\doc\school\ojl\tlv\src\Test\bin\Debug\Test.dll" adapterTypeName="Microsoft.VisualStudio.TestTools.TestTypes.Unit.UnitTestAdapter, Microsoft.VisualStudio.QualityTools.Tips.UnitTest.Adapter, Version=9.0.0.0, Culture=neutral, PublicKeyToken=b03f5f7f11d50a3a" className="NU.OJL.MPRTOS.TLV.Test.GeneralCommandTest, Test" name="GeneralCommandConstructorTest" />
    </UnitTest>
    <UnitTest name="AutoHideSubWindowTest" storage="c:\junji\doc\school\ojl\tlv\src\test\bin\debug\test.dll" id="c5fa65bd-7703-1d30-62d5-192694180686">
      <Css projectStructure="" iteration="" />
      <Owners>
        <Owner name="" />
      </Owners>
      <TestMethod codeBase="C:\junji\doc\school\ojl\tlv\src\Test\bin\Debug\Test.dll" adapterTypeName="Microsoft.VisualStudio.TestTools.TestTypes.Unit.UnitTestAdapter, Microsoft.VisualStudio.QualityTools.Tips.UnitTest.Adapter, Version=9.0.0.0, Culture=neutral, PublicKeyToken=b03f5f7f11d50a3a" className="NU.OJL.MPRTOS.TLV.Test.WindowManagerTest, Test" name="AutoHideSubWindowTest" />
    </UnitTest>
    <UnitTest name="UndoTextTest" storage="c:\junji\doc\school\ojl\tlv\src\test\bin\debug\test.dll" id="2d9ad34b-3ed9-af01-73f7-c7f67f8c8707">
      <Css projectStructure="" iteration="" />
      <Owners>
        <Owner name="" />
      </Owners>
      <Execution id="6dad2c39-ec77-41df-8313-8c77dcb29271" />
      <TestMethod codeBase="C:\junji\doc\school\ojl\tlv\src\Test\bin\Debug\Test.dll" adapterTypeName="Microsoft.VisualStudio.TestTools.TestTypes.Unit.UnitTestAdapter, Microsoft.VisualStudio.QualityTools.Tips.UnitTest.Adapter, Version=9.0.0.0, Culture=neutral, PublicKeyToken=b03f5f7f11d50a3a" className="NU.OJL.MPRTOS.TLV.Test.CommandManagerTest, Test" name="UndoTextTest" />
    </UnitTest>
    <UnitTest name="ParentTest" storage="c:\junji\doc\school\ojl\tlv\src\test\bin\debug\test.dll" id="e0b78af8-8a90-007d-2a79-f225969e57da">
      <Css projectStructure="" iteration="" />
      <Owners>
        <Owner name="" />
      </Owners>
      <TestMethod codeBase="C:\junji\doc\school\ojl\tlv\src\Test\bin\Debug\Test.dll" adapterTypeName="Microsoft.VisualStudio.TestTools.TestTypes.Unit.UnitTestAdapter, Microsoft.VisualStudio.QualityTools.Tips.UnitTest.Adapter, Version=9.0.0.0, Culture=neutral, PublicKeyToken=b03f5f7f11d50a3a" className="NU.OJL.MPRTOS.TLV.Test.WindowManagerTest, Test" name="ParentTest" />
    </UnitTest>
    <UnitTest name="SubWindowConstructorTest" storage="c:\junji\doc\school\ojl\tlv\src\test\bin\debug\test.dll" id="82b3d227-4f38-8f00-6fd4-2298178d2335">
      <Css projectStructure="" iteration="" />
      <Owners>
        <Owner name="" />
      </Owners>
      <Execution id="8618f1db-20ae-4be0-912e-19cf446bf447" />
      <TestMethod codeBase="C:\junji\doc\school\ojl\tlv\src\Test\bin\Debug\Test.dll" adapterTypeName="Microsoft.VisualStudio.TestTools.TestTypes.Unit.UnitTestAdapter, Microsoft.VisualStudio.QualityTools.Tips.UnitTest.Adapter, Version=9.0.0.0, Culture=neutral, PublicKeyToken=b03f5f7f11d50a3a" className="NU.OJL.MPRTOS.TLV.Test.SubWindowTest, Test" name="SubWindowConstructorTest" />
    </UnitTest>
    <UnitTest name="RedoTest" storage="c:\junji\doc\school\ojl\tlv\src\test\bin\debug\test.dll" id="b9595dc2-5142-09dc-9311-d50060ba94aa">
      <Css projectStructure="" iteration="" />
      <Owners>
        <Owner name="" />
      </Owners>
      <TestMethod codeBase="C:\junji\doc\school\ojl\tlv\src\Test\bin\Debug\Test.dll" adapterTypeName="Microsoft.VisualStudio.TestTools.TestTypes.Unit.UnitTestAdapter, Microsoft.VisualStudio.QualityTools.Tips.UnitTest.Adapter, Version=9.0.0.0, Culture=neutral, PublicKeyToken=b03f5f7f11d50a3a" className="NU.OJL.MPRTOS.TLV.Test.CommandManagerTest, Test" name="RedoTest" />
    </UnitTest>
    <UnitTest name="VisibleTest" storage="c:\junji\doc\school\ojl\tlv\src\test\bin\debug\test.dll" id="8f6abe94-169f-c848-5f9f-ca5323600722">
      <Css projectStructure="" iteration="" />
      <Owners>
        <Owner name="" />
      </Owners>
      <TestMethod codeBase="C:\junji\doc\school\ojl\tlv\src\Test\bin\Debug\Test.dll" adapterTypeName="Microsoft.VisualStudio.TestTools.TestTypes.Unit.UnitTestAdapter, Microsoft.VisualStudio.QualityTools.Tips.UnitTest.Adapter, Version=9.0.0.0, Culture=neutral, PublicKeyToken=b03f5f7f11d50a3a" className="NU.OJL.MPRTOS.TLV.Test.SubWindowTest, Test" name="VisibleTest" />
    </UnitTest>
    <UnitTest name="UndoTest" storage="c:\junji\doc\school\ojl\tlv\src\test\bin\debug\test.dll" id="90959070-68a5-06bc-59ea-8523f5d39a5a">
      <Css projectStructure="" iteration="" />
      <Owners>
        <Owner name="" />
      </Owners>
      <TestMethod codeBase="C:\junji\doc\school\ojl\tlv\src\Test\bin\Debug\Test.dll" adapterTypeName="Microsoft.VisualStudio.TestTools.TestTypes.Unit.UnitTestAdapter, Microsoft.VisualStudio.QualityTools.Tips.UnitTest.Adapter, Version=9.0.0.0, Culture=neutral, PublicKeyToken=b03f5f7f11d50a3a" className="NU.OJL.MPRTOS.TLV.Test.GeneralCommandTest, Test" name="UndoTest" />
    </UnitTest>
    <UnitTest name="ContainSubWindowTest" storage="c:\junji\doc\school\ojl\tlv\src\test\bin\debug\test.dll" id="51decc5c-6228-095a-884b-129b1a3a4f2f">
      <Css projectStructure="" iteration="" />
      <Owners>
        <Owner name="" />
      </Owners>
      <Execution id="20b5354f-085d-4cc8-b49a-f02b196928e1" />
      <TestMethod codeBase="C:\junji\doc\school\ojl\tlv\src\Test\bin\Debug\Test.dll" adapterTypeName="Microsoft.VisualStudio.TestTools.TestTypes.Unit.UnitTestAdapter, Microsoft.VisualStudio.QualityTools.Tips.UnitTest.Adapter, Version=9.0.0.0, Culture=neutral, PublicKeyToken=b03f5f7f11d50a3a" className="NU.OJL.MPRTOS.TLV.Test.WindowManagerTest, Test" name="ContainSubWindowTest" />
    </UnitTest>
    <UnitTest name="DoTest" storage="c:\junji\doc\school\ojl\tlv\src\test\bin\debug\test.dll" id="26c40231-ed0a-e575-3931-619fc5b90ff9">
      <Css projectStructure="" iteration="" />
      <Owners>
        <Owner name="" />
      </Owners>
      <Execution id="9e37a87d-3191-4701-ac92-03f529625979" />
      <TestMethod codeBase="C:\junji\doc\school\ojl\tlv\src\Test\bin\Debug\Test.dll" adapterTypeName="Microsoft.VisualStudio.TestTools.TestTypes.Unit.UnitTestAdapter, Microsoft.VisualStudio.QualityTools.Tips.UnitTest.Adapter, Version=9.0.0.0, Culture=neutral, PublicKeyToken=b03f5f7f11d50a3a" className="NU.OJL.MPRTOS.TLV.Test.GeneralCommandTest, Test" name="DoTest" />
    </UnitTest>
    <UnitTest name="ContainsTest" storage="c:\junji\doc\school\ojl\tlv\src\test\bin\debug\test.dll" id="d44c6b59-372d-0646-693f-fc3a03d49c04">
      <Css projectStructure="" iteration="" />
      <Owners>
        <Owner name="" />
      </Owners>
      <TestMethod codeBase="C:\junji\doc\school\ojl\tlv\src\Test\bin\Debug\Test.dll" adapterTypeName="Microsoft.VisualStudio.TestTools.TestTypes.Unit.UnitTestAdapter, Microsoft.VisualStudio.QualityTools.Tips.UnitTest.Adapter, Version=9.0.0.0, Culture=neutral, PublicKeyToken=b03f5f7f11d50a3a" className="NU.OJL.MPRTOS.TLV.Test.SubWindowCollectionTest, Test" name="ContainsTest" />
    </UnitTest>
    <UnitTest name="サブウィンドウの追加" storage="c:\junji\doc\school\ojl\tlv\src\test\bin\debug\test.dll" id="97066ec0-de39-6bdf-b221-1476b7981979">
      <Css projectStructure="" iteration="" />
      <Owners>
        <Owner name="" />
      </Owners>
      <TestMethod codeBase="C:\junji\doc\school\ojl\tlv\src\Test\bin\Debug\Test.dll" adapterTypeName="Microsoft.VisualStudio.TestTools.TestTypes.Unit.UnitTestAdapter, Microsoft.VisualStudio.QualityTools.Tips.UnitTest.Adapter, Version=9.0.0.0, Culture=neutral, PublicKeyToken=b03f5f7f11d50a3a" className="NU.OJL.MPRTOS.TLV.Test.サブウィンドウ管理, Test" name="サブウィンドウの追加" />
    </UnitTest>
    <UnitTest name="サブウィンドウの表示" storage="c:\junji\doc\school\ojl\tlv\src\test\bin\debug\test.dll" id="7c7d94e0-f4e5-0a1c-9114-cccf6ff5ef63">
      <Css projectStructure="" iteration="" />
      <Owners>
        <Owner name="" />
      </Owners>
      <Execution id="1d913366-bb40-4fe1-aa19-80a5a1924752" />
      <TestMethod codeBase="C:\junji\doc\school\ojl\tlv\src\Test\bin\Debug\Test.dll" adapterTypeName="Microsoft.VisualStudio.TestTools.TestTypes.Unit.UnitTestAdapter, Microsoft.VisualStudio.QualityTools.Tips.UnitTest.Adapter, Version=9.0.0.0, Culture=neutral, PublicKeyToken=b03f5f7f11d50a3a" className="NU.OJL.MPRTOS.TLV.Test.サブウィンドウ管理, Test" name="サブウィンドウの表示" />
    </UnitTest>
    <UnitTest name="NameTest" storage="c:\junji\doc\school\ojl\tlv\src\test\bin\debug\test.dll" id="efb5fa6b-5a69-f4e0-f88c-68f50d3482fd">
      <Css projectStructure="" iteration="" />
      <Owners>
        <Owner name="" />
      </Owners>
      <TestMethod codeBase="C:\junji\doc\school\ojl\tlv\src\Test\bin\Debug\Test.dll" adapterTypeName="Microsoft.VisualStudio.TestTools.TestTypes.Unit.UnitTestAdapter, Microsoft.VisualStudio.QualityTools.Tips.UnitTest.Adapter, Version=9.0.0.0, Culture=neutral, PublicKeyToken=b03f5f7f11d50a3a" className="NU.OJL.MPRTOS.TLV.Test.SubWindowTest, Test" name="NameTest" />
    </UnitTest>
    <UnitTest name="EnabledTest" storage="c:\junji\doc\school\ojl\tlv\src\test\bin\debug\test.dll" id="95ff24c7-65f3-efed-30d6-e634b240e13e">
      <Css projectStructure="" iteration="" />
      <Owners>
        <Owner name="" />
      </Owners>
      <TestMethod codeBase="C:\junji\doc\school\ojl\tlv\src\Test\bin\Debug\Test.dll" adapterTypeName="Microsoft.VisualStudio.TestTools.TestTypes.Unit.UnitTestAdapter, Microsoft.VisualStudio.QualityTools.Tips.UnitTest.Adapter, Version=9.0.0.0, Culture=neutral, PublicKeyToken=b03f5f7f11d50a3a" className="NU.OJL.MPRTOS.TLV.Test.SubWindowTest, Test" name="EnabledTest" />
    </UnitTest>
    <UnitTest name="ContainsTest1" storage="c:\junji\doc\school\ojl\tlv\src\test\bin\debug\test.dll" id="31fe258c-7a15-d206-e5ae-dc70a11ce568">
      <Css projectStructure="" iteration="" />
      <Owners>
        <Owner name="" />
      </Owners>
      <Execution id="e0b333ba-031c-46ab-908e-2e98c6c576dc" />
      <TestMethod codeBase="C:\junji\doc\school\ojl\tlv\src\Test\bin\Debug\Test.dll" adapterTypeName="Microsoft.VisualStudio.TestTools.TestTypes.Unit.UnitTestAdapter, Microsoft.VisualStudio.QualityTools.Tips.UnitTest.Adapter, Version=9.0.0.0, Culture=neutral, PublicKeyToken=b03f5f7f11d50a3a" className="NU.OJL.MPRTOS.TLV.Test.SubWindowCollectionTest, Test" name="ContainsTest1" />
    </UnitTest>
    <UnitTest name="RemoveTest1" storage="c:\junji\doc\school\ojl\tlv\src\test\bin\debug\test.dll" id="7cc220c8-4ec6-919c-df5f-687b8f2186a6">
      <Css projectStructure="" iteration="" />
      <Owners>
        <Owner name="" />
      </Owners>
      <Execution id="73be09a6-0db5-4001-a73e-ccb5d948252d" />
      <TestMethod codeBase="C:\junji\doc\school\ojl\tlv\src\Test\bin\Debug\Test.dll" adapterTypeName="Microsoft.VisualStudio.TestTools.TestTypes.Unit.UnitTestAdapter, Microsoft.VisualStudio.QualityTools.Tips.UnitTest.Adapter, Version=9.0.0.0, Culture=neutral, PublicKeyToken=b03f5f7f11d50a3a" className="NU.OJL.MPRTOS.TLV.Test.SubWindowCollectionTest, Test" name="RemoveTest1" />
    </UnitTest>
    <UnitTest name="MainPanelTest" storage="c:\junji\doc\school\ojl\tlv\src\test\bin\debug\test.dll" id="13217adb-c851-e01b-9aa8-9f7189360a63">
      <Css projectStructure="" iteration="" />
      <Owners>
        <Owner name="" />
      </Owners>
      <Execution id="889c7221-b3d0-40f7-9a94-ab36a4172fd1" />
      <TestMethod codeBase="C:\junji\doc\school\ojl\tlv\src\Test\bin\Debug\Test.dll" adapterTypeName="Microsoft.VisualStudio.TestTools.TestTypes.Unit.UnitTestAdapter, Microsoft.VisualStudio.QualityTools.Tips.UnitTest.Adapter, Version=9.0.0.0, Culture=neutral, PublicKeyToken=b03f5f7f11d50a3a" className="NU.OJL.MPRTOS.TLV.Test.WindowManagerTest, Test" name="MainPanelTest" />
    </UnitTest>
    <UnitTest name="ToStringTest" storage="c:\junji\doc\school\ojl\tlv\src\test\bin\debug\test.dll" id="8953f5e7-8b98-238c-a76e-e00cfa56be20">
      <Css projectStructure="" iteration="" />
      <Owners>
        <Owner name="" />
      </Owners>
      <Execution id="48ef2710-bff8-4816-b221-71eb57b1bd86" />
      <TestMethod codeBase="C:\junji\doc\school\ojl\tlv\src\Test\bin\Debug\Test.dll" adapterTypeName="Microsoft.VisualStudio.TestTools.TestTypes.Unit.UnitTestAdapter, Microsoft.VisualStudio.QualityTools.Tips.UnitTest.Adapter, Version=9.0.0.0, Culture=neutral, PublicKeyToken=b03f5f7f11d50a3a" className="Test.DecimalExtensionTest, Test" name="ToStringTest" />
    </UnitTest>
    <UnitTest name="UndoTest" storage="c:\junji\doc\school\ojl\tlv\src\test\bin\debug\test.dll" id="ca3deacc-fed3-0b0d-e1df-7f3ef9994f1c">
      <Css projectStructure="" iteration="" />
      <Owners>
        <Owner name="" />
      </Owners>
      <TestMethod codeBase="C:\junji\doc\school\ojl\tlv\src\Test\bin\Debug\Test.dll" adapterTypeName="Microsoft.VisualStudio.TestTools.TestTypes.Unit.UnitTestAdapter, Microsoft.VisualStudio.QualityTools.Tips.UnitTest.Adapter, Version=9.0.0.0, Culture=neutral, PublicKeyToken=b03f5f7f11d50a3a" className="NU.OJL.MPRTOS.TLV.Test.CommandManagerTest, Test" name="UndoTest" />
    </UnitTest>
    <UnitTest name="DoneTest" storage="c:\junji\doc\school\ojl\tlv\src\test\bin\debug\test.dll" id="ce399eed-e5c9-7277-d484-9e5c131d56a6">
      <Css projectStructure="" iteration="" />
      <Owners>
        <Owner name="" />
      </Owners>
      <TestMethod codeBase="C:\junji\doc\school\ojl\tlv\src\Test\bin\Debug\Test.dll" adapterTypeName="Microsoft.VisualStudio.TestTools.TestTypes.Unit.UnitTestAdapter, Microsoft.VisualStudio.QualityTools.Tips.UnitTest.Adapter, Version=9.0.0.0, Culture=neutral, PublicKeyToken=b03f5f7f11d50a3a" className="NU.OJL.MPRTOS.TLV.Test.CommandManagerTest, Test" name="DoneTest" />
    </UnitTest>
    <UnitTest name="SubWindowCountTest" storage="c:\junji\doc\school\ojl\tlv\src\test\bin\debug\test.dll" id="4366fb21-f797-41ea-f9fa-67661cbd8930">
      <Css projectStructure="" iteration="" />
      <Owners>
        <Owner name="" />
      </Owners>
      <Execution id="3f1be5f6-7195-4177-a8f8-2572e7e98d7e" />
      <TestMethod codeBase="C:\junji\doc\school\ojl\tlv\src\Test\bin\Debug\Test.dll" adapterTypeName="Microsoft.VisualStudio.TestTools.TestTypes.Unit.UnitTestAdapter, Microsoft.VisualStudio.QualityTools.Tips.UnitTest.Adapter, Version=9.0.0.0, Culture=neutral, PublicKeyToken=b03f5f7f11d50a3a" className="NU.OJL.MPRTOS.TLV.Test.WindowManagerTest, Test" name="SubWindowCountTest" />
    </UnitTest>
    <UnitTest name="DockStateTest" storage="c:\junji\doc\school\ojl\tlv\src\test\bin\debug\test.dll" id="9ed3a1b3-9e47-c0d7-180c-aafddb36719d">
      <Css projectStructure="" iteration="" />
      <Owners>
        <Owner name="" />
      </Owners>
      <TestMethod codeBase="C:\junji\doc\school\ojl\tlv\src\Test\bin\Debug\Test.dll" adapterTypeName="Microsoft.VisualStudio.TestTools.TestTypes.Unit.UnitTestAdapter, Microsoft.VisualStudio.QualityTools.Tips.UnitTest.Adapter, Version=9.0.0.0, Culture=neutral, PublicKeyToken=b03f5f7f11d50a3a" className="NU.OJL.MPRTOS.TLV.Test.SubWindowTest, Test" name="DockStateTest" />
    </UnitTest>
    <UnitTest name="TextTest" storage="c:\junji\doc\school\ojl\tlv\src\test\bin\debug\test.dll" id="dd412b0e-d628-8f01-e0a4-5e77acfa7c8b">
      <Css projectStructure="" iteration="" />
      <Owners>
        <Owner name="" />
      </Owners>
      <TestMethod codeBase="C:\junji\doc\school\ojl\tlv\src\Test\bin\Debug\Test.dll" adapterTypeName="Microsoft.VisualStudio.TestTools.TestTypes.Unit.UnitTestAdapter, Microsoft.VisualStudio.QualityTools.Tips.UnitTest.Adapter, Version=9.0.0.0, Culture=neutral, PublicKeyToken=b03f5f7f11d50a3a" className="NU.OJL.MPRTOS.TLV.Test.GeneralCommandTest, Test" name="TextTest" />
    </UnitTest>
    <UnitTest name="RedoTextTest" storage="c:\junji\doc\school\ojl\tlv\src\test\bin\debug\test.dll" id="a1013dd6-3f9f-4bd5-1e24-3800b1add468">
      <Css projectStructure="" iteration="" />
      <Owners>
        <Owner name="" />
      </Owners>
      <TestMethod codeBase="C:\junji\doc\school\ojl\tlv\src\Test\bin\Debug\Test.dll" adapterTypeName="Microsoft.VisualStudio.TestTools.TestTypes.Unit.UnitTestAdapter, Microsoft.VisualStudio.QualityTools.Tips.UnitTest.Adapter, Version=9.0.0.0, Culture=neutral, PublicKeyToken=b03f5f7f11d50a3a" className="NU.OJL.MPRTOS.TLV.Test.CommandManagerTest, Test" name="RedoTextTest" />
    </UnitTest>
    <UnitTest name="CanRedoTest" storage="c:\junji\doc\school\ojl\tlv\src\test\bin\debug\test.dll" id="a96cb228-1c07-9cd5-ef63-1bc6e25af05b">
      <Css projectStructure="" iteration="" />
      <Owners>
        <Owner name="" />
      </Owners>
      <TestMethod codeBase="C:\junji\doc\school\ojl\tlv\src\Test\bin\Debug\Test.dll" adapterTypeName="Microsoft.VisualStudio.TestTools.TestTypes.Unit.UnitTestAdapter, Microsoft.VisualStudio.QualityTools.Tips.UnitTest.Adapter, Version=9.0.0.0, Culture=neutral, PublicKeyToken=b03f5f7f11d50a3a" className="NU.OJL.MPRTOS.TLV.Test.CommandManagerTest, Test" name="CanRedoTest" />
    </UnitTest>
    <UnitTest name="ItemTest" storage="c:\junji\doc\school\ojl\tlv\src\test\bin\debug\test.dll" id="2bb114e9-dfcb-0e19-b3d0-5d64ea76848c">
      <Css projectStructure="" iteration="" />
      <Owners>
        <Owner name="" />
      </Owners>
      <Execution id="446b247b-1902-4eb7-8a90-0732acb3746e" />
      <TestMethod codeBase="C:\junji\doc\school\ojl\tlv\src\Test\bin\Debug\Test.dll" adapterTypeName="Microsoft.VisualStudio.TestTools.TestTypes.Unit.UnitTestAdapter, Microsoft.VisualStudio.QualityTools.Tips.UnitTest.Adapter, Version=9.0.0.0, Culture=neutral, PublicKeyToken=b03f5f7f11d50a3a" className="NU.OJL.MPRTOS.TLV.Test.SubWindowCollectionTest, Test" name="ItemTest" />
    </UnitTest>
    <UnitTest name="UndoActionTest" storage="c:\junji\doc\school\ojl\tlv\src\test\bin\debug\test.dll" id="effbe08d-18fe-b7b9-25e3-b37c2eb4dba0">
      <Css projectStructure="" iteration="" />
      <Owners>
        <Owner name="" />
      </Owners>
      <TestMethod codeBase="C:\junji\doc\school\ojl\tlv\src\Test\bin\Debug\Test.dll" adapterTypeName="Microsoft.VisualStudio.TestTools.TestTypes.Unit.UnitTestAdapter, Microsoft.VisualStudio.QualityTools.Tips.UnitTest.Adapter, Version=9.0.0.0, Culture=neutral, PublicKeyToken=b03f5f7f11d50a3a" className="NU.OJL.MPRTOS.TLV.Test.GeneralCommandTest, Test" name="UndoActionTest" />
    </UnitTest>
    <UnitTest name="AddTest" storage="c:\junji\doc\school\ojl\tlv\src\test\bin\debug\test.dll" id="0fe5c093-1594-a40c-24ba-66e0cdad6410">
      <Css projectStructure="" iteration="" />
      <Owners>
        <Owner name="" />
      </Owners>
      <Execution id="d07b2c03-ca8d-4ec4-9e85-4c8796845b2c" />
      <TestMethod codeBase="C:\junji\doc\school\ojl\tlv\src\Test\bin\Debug\Test.dll" adapterTypeName="Microsoft.VisualStudio.TestTools.TestTypes.Unit.UnitTestAdapter, Microsoft.VisualStudio.QualityTools.Tips.UnitTest.Adapter, Version=9.0.0.0, Culture=neutral, PublicKeyToken=b03f5f7f11d50a3a" className="NU.OJL.MPRTOS.TLV.Test.SubWindowCollectionTest, Test" name="AddTest" />
    </UnitTest>
    <UnitTest name="RemoveTest" storage="c:\junji\doc\school\ojl\tlv\src\test\bin\debug\test.dll" id="64176b84-127e-5a32-307a-76867064655e">
      <Css projectStructure="" iteration="" />
      <Owners>
        <Owner name="" />
      </Owners>
      <Execution id="7e867c25-c6c6-4b83-8788-759aed6647b1" />
      <TestMethod codeBase="C:\junji\doc\school\ojl\tlv\src\Test\bin\Debug\Test.dll" adapterTypeName="Microsoft.VisualStudio.TestTools.TestTypes.Unit.UnitTestAdapter, Microsoft.VisualStudio.QualityTools.Tips.UnitTest.Adapter, Version=9.0.0.0, Culture=neutral, PublicKeyToken=b03f5f7f11d50a3a" className="NU.OJL.MPRTOS.TLV.Test.SubWindowCollectionTest, Test" name="RemoveTest" />
    </UnitTest>
    <UnitTest name="AddSubWindowTest" storage="c:\junji\doc\school\ojl\tlv\src\test\bin\debug\test.dll" id="f1cfe9b5-f467-e939-f956-35e0d791843c">
      <Css projectStructure="" iteration="" />
      <Owners>
        <Owner name="" />
      </Owners>
      <TestMethod codeBase="C:\junji\doc\school\ojl\tlv\src\Test\bin\Debug\Test.dll" adapterTypeName="Microsoft.VisualStudio.TestTools.TestTypes.Unit.UnitTestAdapter, Microsoft.VisualStudio.QualityTools.Tips.UnitTest.Adapter, Version=9.0.0.0, Culture=neutral, PublicKeyToken=b03f5f7f11d50a3a" className="NU.OJL.MPRTOS.TLV.Test.WindowManagerTest, Test" name="AddSubWindowTest" />
    </UnitTest>
    <UnitTest name="AutoHideAllSubWindowsTest" storage="c:\junji\doc\school\ojl\tlv\src\test\bin\debug\test.dll" id="26208305-4ee1-2bbf-668b-a2a6096ba9af">
      <Css projectStructure="" iteration="" />
      <Owners>
        <Owner name="" />
      </Owners>
      <Execution id="9ac625bb-0b6c-49ae-a7ff-9fb42360ee29" />
      <TestMethod codeBase="C:\junji\doc\school\ojl\tlv\src\Test\bin\Debug\Test.dll" adapterTypeName="Microsoft.VisualStudio.TestTools.TestTypes.Unit.UnitTestAdapter, Microsoft.VisualStudio.QualityTools.Tips.UnitTest.Adapter, Version=9.0.0.0, Culture=neutral, PublicKeyToken=b03f5f7f11d50a3a" className="NU.OJL.MPRTOS.TLV.Test.WindowManagerTest, Test" name="AutoHideAllSubWindowsTest" />
    </UnitTest>
    <UnitTest name="TextTest" storage="c:\junji\doc\school\ojl\tlv\src\test\bin\debug\test.dll" id="1f5a8d4b-688c-6ccd-50a3-93066a1c7e4d">
      <Css projectStructure="" iteration="" />
      <Owners>
        <Owner name="" />
      </Owners>
      <Execution id="035ec280-91b0-4829-befb-391b597425d8" />
      <TestMethod codeBase="C:\junji\doc\school\ojl\tlv\src\Test\bin\Debug\Test.dll" adapterTypeName="Microsoft.VisualStudio.TestTools.TestTypes.Unit.UnitTestAdapter, Microsoft.VisualStudio.QualityTools.Tips.UnitTest.Adapter, Version=9.0.0.0, Culture=neutral, PublicKeyToken=b03f5f7f11d50a3a" className="NU.OJL.MPRTOS.TLV.Test.SubWindowTest, Test" name="TextTest" />
    </UnitTest>
    <UnitTest name="SaveTest" storage="c:\junji\doc\school\ojl\tlv\src\test\bin\debug\test.dll" id="f0a1ce69-fd17-64a3-dac7-0ffe37622dd4">
      <Css projectStructure="" iteration="" />
      <Owners>
        <Owner name="" />
      </Owners>
      <TestMethod codeBase="C:\junji\doc\school\ojl\tlv\src\Test\bin\Debug\Test.dll" adapterTypeName="Microsoft.VisualStudio.TestTools.TestTypes.Unit.UnitTestAdapter, Microsoft.VisualStudio.QualityTools.Tips.UnitTest.Adapter, Version=9.0.0.0, Culture=neutral, PublicKeyToken=b03f5f7f11d50a3a" className="NU.OJL.MPRTOS.TLV.Test.FileContextTest, Test" name="SaveTest" />
    </UnitTest>
    <UnitTest name="CloseTest" storage="c:\junji\doc\school\ojl\tlv\src\test\bin\debug\test.dll" id="01008c0a-38b4-db22-7bed-075c014818cd">
      <Css projectStructure="" iteration="" />
      <Owners>
        <Owner name="" />
      </Owners>
      <Execution id="68051ae7-8679-4414-b60e-b634775ef00f" />
      <TestMethod codeBase="C:\junji\doc\school\ojl\tlv\src\Test\bin\Debug\Test.dll" adapterTypeName="Microsoft.VisualStudio.TestTools.TestTypes.Unit.UnitTestAdapter, Microsoft.VisualStudio.QualityTools.Tips.UnitTest.Adapter, Version=9.0.0.0, Culture=neutral, PublicKeyToken=b03f5f7f11d50a3a" className="NU.OJL.MPRTOS.TLV.Test.FileContextTest, Test" name="CloseTest" />
    </UnitTest>
    <UnitTest name="DoTest" storage="c:\junji\doc\school\ojl\tlv\src\test\bin\debug\test.dll" id="3d993382-acd3-2e8c-507e-77ef8e1207c5">
      <Css projectStructure="" iteration="" />
      <Owners>
        <Owner name="" />
      </Owners>
      <Execution id="3514d7e6-7d55-472c-b723-4551d8b3e2c1" />
      <TestMethod codeBase="C:\junji\doc\school\ojl\tlv\src\Test\bin\Debug\Test.dll" adapterTypeName="Microsoft.VisualStudio.TestTools.TestTypes.Unit.UnitTestAdapter, Microsoft.VisualStudio.QualityTools.Tips.UnitTest.Adapter, Version=9.0.0.0, Culture=neutral, PublicKeyToken=b03f5f7f11d50a3a" className="NU.OJL.MPRTOS.TLV.Test.CommandManagerTest, Test" name="DoTest" />
    </UnitTest>
    <UnitTest name="SaveAsTest" storage="c:\junji\doc\school\ojl\tlv\src\test\bin\debug\test.dll" id="85c6fa8c-1107-0412-a84d-3194b967f3af">
      <Css projectStructure="" iteration="" />
      <Owners>
        <Owner name="" />
      </Owners>
      <Execution id="c4d541db-b6a7-4e79-b793-15be2afd749c" />
      <TestMethod codeBase="C:\junji\doc\school\ojl\tlv\src\Test\bin\Debug\Test.dll" adapterTypeName="Microsoft.VisualStudio.TestTools.TestTypes.Unit.UnitTestAdapter, Microsoft.VisualStudio.QualityTools.Tips.UnitTest.Adapter, Version=9.0.0.0, Culture=neutral, PublicKeyToken=b03f5f7f11d50a3a" className="NU.OJL.MPRTOS.TLV.Test.FileContextTest, Test" name="SaveAsTest" />
    </UnitTest>
    <UnitTest name="HideAllSubWindowsTest" storage="c:\junji\doc\school\ojl\tlv\src\test\bin\debug\test.dll" id="3e348342-8790-e31d-abb3-3ec459875f94">
      <Css projectStructure="" iteration="" />
      <Owners>
        <Owner name="" />
      </Owners>
      <Execution id="c1fdb702-1fe4-43f2-84dd-75b7d05e7a95" />
      <TestMethod codeBase="C:\junji\doc\school\ojl\tlv\src\Test\bin\Debug\Test.dll" adapterTypeName="Microsoft.VisualStudio.TestTools.TestTypes.Unit.UnitTestAdapter, Microsoft.VisualStudio.QualityTools.Tips.UnitTest.Adapter, Version=9.0.0.0, Culture=neutral, PublicKeyToken=b03f5f7f11d50a3a" className="NU.OJL.MPRTOS.TLV.Test.WindowManagerTest, Test" name="HideAllSubWindowsTest" />
    </UnitTest>
    <UnitTest name="CountTest" storage="c:\junji\doc\school\ojl\tlv\src\test\bin\debug\test.dll" id="35a87328-ed1e-728c-111c-bf06991f7a9d">
      <Css projectStructure="" iteration="" />
      <Owners>
        <Owner name="" />
      </Owners>
      <Execution id="e7f93bfb-219f-43ec-b253-800598be647f" />
      <TestMethod codeBase="C:\junji\doc\school\ojl\tlv\src\Test\bin\Debug\Test.dll" adapterTypeName="Microsoft.VisualStudio.TestTools.TestTypes.Unit.UnitTestAdapter, Microsoft.VisualStudio.QualityTools.Tips.UnitTest.Adapter, Version=9.0.0.0, Culture=neutral, PublicKeyToken=b03f5f7f11d50a3a" className="NU.OJL.MPRTOS.TLV.Test.SubWindowCollectionTest, Test" name="CountTest" />
    </UnitTest>
    <UnitTest name="ToDecimalTest" storage="c:\junji\doc\school\ojl\tlv\src\test\bin\debug\test.dll" id="7e3dee61-5d71-11a2-234d-27d093e91f58">
      <Css projectStructure="" iteration="" />
      <Owners>
        <Owner name="" />
      </Owners>
      <Execution id="f9dd07f6-997c-4369-bf45-215454879196" />
      <TestMethod codeBase="C:\junji\doc\school\ojl\tlv\src\Test\bin\Debug\Test.dll" adapterTypeName="Microsoft.VisualStudio.TestTools.TestTypes.Unit.UnitTestAdapter, Microsoft.VisualStudio.QualityTools.Tips.UnitTest.Adapter, Version=9.0.0.0, Culture=neutral, PublicKeyToken=b03f5f7f11d50a3a" className="Test.StringExtensionTest, Test" name="ToDecimalTest" />
    </UnitTest>
    <UnitTest name="DoActionTest" storage="c:\junji\doc\school\ojl\tlv\src\test\bin\debug\test.dll" id="509def64-5747-dc71-2bb7-1cfa38134311">
      <Css projectStructure="" iteration="" />
      <Owners>
        <Owner name="" />
      </Owners>
      <Execution id="83745cf3-2d9e-4c5b-8b3f-e8aefb90e4dd" />
      <TestMethod codeBase="C:\junji\doc\school\ojl\tlv\src\Test\bin\Debug\Test.dll" adapterTypeName="Microsoft.VisualStudio.TestTools.TestTypes.Unit.UnitTestAdapter, Microsoft.VisualStudio.QualityTools.Tips.UnitTest.Adapter, Version=9.0.0.0, Culture=neutral, PublicKeyToken=b03f5f7f11d50a3a" className="NU.OJL.MPRTOS.TLV.Test.GeneralCommandTest, Test" name="DoActionTest" />
    </UnitTest>
    <UnitTest name="CanUndoTest" storage="c:\junji\doc\school\ojl\tlv\src\test\bin\debug\test.dll" id="c391a614-dd7b-4f57-2b54-64c82a20a3fb">
      <Css projectStructure="" iteration="" />
      <Owners>
        <Owner name="" />
      </Owners>
      <TestMethod codeBase="C:\junji\doc\school\ojl\tlv\src\Test\bin\Debug\Test.dll" adapterTypeName="Microsoft.VisualStudio.TestTools.TestTypes.Unit.UnitTestAdapter, Microsoft.VisualStudio.QualityTools.Tips.UnitTest.Adapter, Version=9.0.0.0, Culture=neutral, PublicKeyToken=b03f5f7f11d50a3a" className="NU.OJL.MPRTOS.TLV.Test.CommandManagerTest, Test" name="CanUndoTest" />
    </UnitTest>
    <UnitTest name="GetSubWindowTest" storage="c:\junji\doc\school\ojl\tlv\src\test\bin\debug\test.dll" id="ffdba880-057c-4a34-89d4-85578df4a8d0">
      <Css projectStructure="" iteration="" />
      <Owners>
        <Owner name="" />
      </Owners>
      <TestMethod codeBase="C:\junji\doc\school\ojl\tlv\src\Test\bin\Debug\Test.dll" adapterTypeName="Microsoft.VisualStudio.TestTools.TestTypes.Unit.UnitTestAdapter, Microsoft.VisualStudio.QualityTools.Tips.UnitTest.Adapter, Version=9.0.0.0, Culture=neutral, PublicKeyToken=b03f5f7f11d50a3a" className="NU.OJL.MPRTOS.TLV.Test.WindowManagerTest, Test" name="GetSubWindowTest" />
    </UnitTest>
    <UnitTest name="ShowAllSubWindowsTest" storage="c:\junji\doc\school\ojl\tlv\src\test\bin\debug\test.dll" id="70eb10c6-60d6-1aed-113b-d8ddd59c7274">
      <Css projectStructure="" iteration="" />
      <Owners>
        <Owner name="" />
      </Owners>
      <Execution id="3a949207-697a-42c2-a853-ce3582658474" />
      <TestMethod codeBase="C:\junji\doc\school\ojl\tlv\src\Test\bin\Debug\Test.dll" adapterTypeName="Microsoft.VisualStudio.TestTools.TestTypes.Unit.UnitTestAdapter, Microsoft.VisualStudio.QualityTools.Tips.UnitTest.Adapter, Version=9.0.0.0, Culture=neutral, PublicKeyToken=b03f5f7f11d50a3a" className="NU.OJL.MPRTOS.TLV.Test.WindowManagerTest, Test" name="ShowAllSubWindowsTest" />
    </UnitTest>
    <UnitTest name="SubWindowsTest" storage="c:\junji\doc\school\ojl\tlv\src\test\bin\debug\test.dll" id="ac0a3c32-c791-d575-1a12-d85639611058">
      <Css projectStructure="" iteration="" />
      <Owners>
        <Owner name="" />
      </Owners>
      <TestMethod codeBase="C:\junji\doc\school\ojl\tlv\src\Test\bin\Debug\Test.dll" adapterTypeName="Microsoft.VisualStudio.TestTools.TestTypes.Unit.UnitTestAdapter, Microsoft.VisualStudio.QualityTools.Tips.UnitTest.Adapter, Version=9.0.0.0, Culture=neutral, PublicKeyToken=b03f5f7f11d50a3a" className="NU.OJL.MPRTOS.TLV.Test.WindowManagerTest, Test" name="SubWindowsTest" />
    </UnitTest>
    <UnitTest name="サブウィンドウの非表示" storage="c:\junji\doc\school\ojl\tlv\src\test\bin\debug\test.dll" id="d444c8ef-7a85-3095-10e2-a34420f25e87">
      <Css projectStructure="" iteration="" />
      <Owners>
        <Owner name="" />
      </Owners>
      <TestMethod codeBase="C:\junji\doc\school\ojl\tlv\src\Test\bin\Debug\Test.dll" adapterTypeName="Microsoft.VisualStudio.TestTools.TestTypes.Unit.UnitTestAdapter, Microsoft.VisualStudio.QualityTools.Tips.UnitTest.Adapter, Version=9.0.0.0, Culture=neutral, PublicKeyToken=b03f5f7f11d50a3a" className="NU.OJL.MPRTOS.TLV.Test.サブウィンドウ管理, Test" name="サブウィンドウの非表示" />
    </UnitTest>
    <UnitTest name="ClearTest" storage="c:\junji\doc\school\ojl\tlv\src\test\bin\debug\test.dll" id="19d837bc-2775-ce09-7b6d-fe86e6700a3e">
      <Css projectStructure="" iteration="" />
      <Owners>
        <Owner name="" />
      </Owners>
      <Execution id="4a2ae868-2464-44c0-8197-93d1210a7e38" />
      <TestMethod codeBase="C:\junji\doc\school\ojl\tlv\src\Test\bin\Debug\Test.dll" adapterTypeName="Microsoft.VisualStudio.TestTools.TestTypes.Unit.UnitTestAdapter, Microsoft.VisualStudio.QualityTools.Tips.UnitTest.Adapter, Version=9.0.0.0, Culture=neutral, PublicKeyToken=b03f5f7f11d50a3a" className="NU.OJL.MPRTOS.TLV.Test.SubWindowCollectionTest, Test" name="ClearTest" />
    </UnitTest>
    <UnitTest name="HideSubWindowTest" storage="c:\junji\doc\school\ojl\tlv\src\test\bin\debug\test.dll" id="ee373636-ec40-9dc5-890d-b66b2ccb8eb4">
      <Css projectStructure="" iteration="" />
      <Owners>
        <Owner name="" />
      </Owners>
      <TestMethod codeBase="C:\junji\doc\school\ojl\tlv\src\Test\bin\Debug\Test.dll" adapterTypeName="Microsoft.VisualStudio.TestTools.TestTypes.Unit.UnitTestAdapter, Microsoft.VisualStudio.QualityTools.Tips.UnitTest.Adapter, Version=9.0.0.0, Culture=neutral, PublicKeyToken=b03f5f7f11d50a3a" className="NU.OJL.MPRTOS.TLV.Test.WindowManagerTest, Test" name="HideSubWindowTest" />
    </UnitTest>
  </TestDefinitions>
  <TestLists>
    <TestList name="一覧に存在しない結果" id="8c84fa94-04c1-424b-9868-57a2d4851a1d" />
    <TestList name="読み込まれたすべての結果" id="19431567-8539-422a-85d7-44ee4e166bda" />
  </TestLists>
  <TestEntries>
    <TestEntry testId="01008c0a-38b4-db22-7bed-075c014818cd" executionId="68051ae7-8679-4414-b60e-b634775ef00f" testListId="8c84fa94-04c1-424b-9868-57a2d4851a1d" />
    <TestEntry testId="0fe5c093-1594-a40c-24ba-66e0cdad6410" executionId="d07b2c03-ca8d-4ec4-9e85-4c8796845b2c" testListId="8c84fa94-04c1-424b-9868-57a2d4851a1d" />
    <TestEntry testId="13217adb-c851-e01b-9aa8-9f7189360a63" executionId="889c7221-b3d0-40f7-9a94-ab36a4172fd1" testListId="8c84fa94-04c1-424b-9868-57a2d4851a1d" />
    <TestEntry testId="16022dc8-380a-68ca-eea4-0f5d6bc43397" executionId="c75820cd-8bd8-4cb2-bf76-48c6360ce07e" testListId="8c84fa94-04c1-424b-9868-57a2d4851a1d" />
    <TestEntry testId="19d837bc-2775-ce09-7b6d-fe86e6700a3e" executionId="4a2ae868-2464-44c0-8197-93d1210a7e38" testListId="8c84fa94-04c1-424b-9868-57a2d4851a1d" />
    <TestEntry testId="1f5a8d4b-688c-6ccd-50a3-93066a1c7e4d" executionId="035ec280-91b0-4829-befb-391b597425d8" testListId="8c84fa94-04c1-424b-9868-57a2d4851a1d" />
    <TestEntry testId="26208305-4ee1-2bbf-668b-a2a6096ba9af" executionId="9ac625bb-0b6c-49ae-a7ff-9fb42360ee29" testListId="8c84fa94-04c1-424b-9868-57a2d4851a1d" />
    <TestEntry testId="26c40231-ed0a-e575-3931-619fc5b90ff9" executionId="9e37a87d-3191-4701-ac92-03f529625979" testListId="8c84fa94-04c1-424b-9868-57a2d4851a1d" />
    <TestEntry testId="2bb114e9-dfcb-0e19-b3d0-5d64ea76848c" executionId="446b247b-1902-4eb7-8a90-0732acb3746e" testListId="8c84fa94-04c1-424b-9868-57a2d4851a1d" />
    <TestEntry testId="2d9ad34b-3ed9-af01-73f7-c7f67f8c8707" executionId="6dad2c39-ec77-41df-8313-8c77dcb29271" testListId="8c84fa94-04c1-424b-9868-57a2d4851a1d" />
    <TestEntry testId="31fe258c-7a15-d206-e5ae-dc70a11ce568" executionId="e0b333ba-031c-46ab-908e-2e98c6c576dc" testListId="8c84fa94-04c1-424b-9868-57a2d4851a1d" />
    <TestEntry testId="35a87328-ed1e-728c-111c-bf06991f7a9d" executionId="e7f93bfb-219f-43ec-b253-800598be647f" testListId="8c84fa94-04c1-424b-9868-57a2d4851a1d" />
    <TestEntry testId="3d993382-acd3-2e8c-507e-77ef8e1207c5" executionId="3514d7e6-7d55-472c-b723-4551d8b3e2c1" testListId="8c84fa94-04c1-424b-9868-57a2d4851a1d" />
    <TestEntry testId="3e348342-8790-e31d-abb3-3ec459875f94" executionId="c1fdb702-1fe4-43f2-84dd-75b7d05e7a95" testListId="8c84fa94-04c1-424b-9868-57a2d4851a1d" />
    <TestEntry testId="4366fb21-f797-41ea-f9fa-67661cbd8930" executionId="3f1be5f6-7195-4177-a8f8-2572e7e98d7e" testListId="8c84fa94-04c1-424b-9868-57a2d4851a1d" />
    <TestEntry testId="509def64-5747-dc71-2bb7-1cfa38134311" executionId="83745cf3-2d9e-4c5b-8b3f-e8aefb90e4dd" testListId="8c84fa94-04c1-424b-9868-57a2d4851a1d" />
    <TestEntry testId="51decc5c-6228-095a-884b-129b1a3a4f2f" executionId="20b5354f-085d-4cc8-b49a-f02b196928e1" testListId="8c84fa94-04c1-424b-9868-57a2d4851a1d" />
    <TestEntry testId="64176b84-127e-5a32-307a-76867064655e" executionId="7e867c25-c6c6-4b83-8788-759aed6647b1" testListId="8c84fa94-04c1-424b-9868-57a2d4851a1d" />
    <TestEntry testId="70eb10c6-60d6-1aed-113b-d8ddd59c7274" executionId="3a949207-697a-42c2-a853-ce3582658474" testListId="8c84fa94-04c1-424b-9868-57a2d4851a1d" />
    <TestEntry testId="7c7d94e0-f4e5-0a1c-9114-cccf6ff5ef63" executionId="1d913366-bb40-4fe1-aa19-80a5a1924752" testListId="8c84fa94-04c1-424b-9868-57a2d4851a1d" />
    <TestEntry testId="7cc220c8-4ec6-919c-df5f-687b8f2186a6" executionId="73be09a6-0db5-4001-a73e-ccb5d948252d" testListId="8c84fa94-04c1-424b-9868-57a2d4851a1d" />
    <TestEntry testId="7e3dee61-5d71-11a2-234d-27d093e91f58" executionId="f9dd07f6-997c-4369-bf45-215454879196" testListId="8c84fa94-04c1-424b-9868-57a2d4851a1d" />
    <TestEntry testId="82b3d227-4f38-8f00-6fd4-2298178d2335" executionId="8618f1db-20ae-4be0-912e-19cf446bf447" testListId="8c84fa94-04c1-424b-9868-57a2d4851a1d" />
    <TestEntry testId="85c6fa8c-1107-0412-a84d-3194b967f3af" executionId="c4d541db-b6a7-4e79-b793-15be2afd749c" testListId="8c84fa94-04c1-424b-9868-57a2d4851a1d" />
    <TestEntry testId="8953f5e7-8b98-238c-a76e-e00cfa56be20" executionId="9f365898-0f63-4db8-996b-df293f13e414" testListId="8c84fa94-04c1-424b-9868-57a2d4851a1d" />
    <TestEntry testId="8f6abe94-169f-c848-5f9f-ca5323600722" executionId="e2c20e17-94d8-4592-a431-cad6e2a3f2ff" testListId="8c84fa94-04c1-424b-9868-57a2d4851a1d" />
    <TestEntry testId="90959070-68a5-06bc-59ea-8523f5d39a5a" executionId="9de15f6d-e604-4247-8331-44b114032da1" testListId="8c84fa94-04c1-424b-9868-57a2d4851a1d" />
    <TestEntry testId="95ff24c7-65f3-efed-30d6-e634b240e13e" executionId="27e7cfec-7d5e-441b-bc6a-88ba4028f546" testListId="8c84fa94-04c1-424b-9868-57a2d4851a1d" />
    <TestEntry testId="97066ec0-de39-6bdf-b221-1476b7981979" executionId="f358a5ac-1de0-42e5-bea4-1a3b41c17229" testListId="8c84fa94-04c1-424b-9868-57a2d4851a1d" />
    <TestEntry testId="9ed3a1b3-9e47-c0d7-180c-aafddb36719d" executionId="32b18ffc-f12e-4cfc-8b3e-093303ff2514" testListId="8c84fa94-04c1-424b-9868-57a2d4851a1d" />
    <TestEntry testId="a0a7198b-b6bc-50d8-ffbd-3361891fcb37" executionId="429b7a34-4081-4e4c-8f68-17c21b56d861" testListId="8c84fa94-04c1-424b-9868-57a2d4851a1d" />
    <TestEntry testId="a1013dd6-3f9f-4bd5-1e24-3800b1add468" executionId="16ccdea2-7c48-447c-b716-d4c0eb36b509" testListId="8c84fa94-04c1-424b-9868-57a2d4851a1d" />
    <TestEntry testId="a96cb228-1c07-9cd5-ef63-1bc6e25af05b" executionId="846f0ac7-dd18-4379-adad-89c642dbbd52" testListId="8c84fa94-04c1-424b-9868-57a2d4851a1d" />
    <TestEntry testId="ac0a3c32-c791-d575-1a12-d85639611058" executionId="abc76d1f-07c3-4772-804e-72b16f35ba12" testListId="8c84fa94-04c1-424b-9868-57a2d4851a1d" />
    <TestEntry testId="b9595dc2-5142-09dc-9311-d50060ba94aa" executionId="150d407a-d8d8-457d-ae90-40943c3658c1" testListId="8c84fa94-04c1-424b-9868-57a2d4851a1d" />
    <TestEntry testId="c391a614-dd7b-4f57-2b54-64c82a20a3fb" executionId="a32e33e9-f684-4b79-b2dd-f30ef128dc7e" testListId="8c84fa94-04c1-424b-9868-57a2d4851a1d" />
    <TestEntry testId="c5fa65bd-7703-1d30-62d5-192694180686" executionId="0a001019-a14f-4eef-93b9-a510d6af785e" testListId="8c84fa94-04c1-424b-9868-57a2d4851a1d" />
    <TestEntry testId="ca3deacc-fed3-0b0d-e1df-7f3ef9994f1c" executionId="a5e0af5f-06ab-4dca-be3f-38395db66482" testListId="8c84fa94-04c1-424b-9868-57a2d4851a1d" />
    <TestEntry testId="ce399eed-e5c9-7277-d484-9e5c131d56a6" executionId="634ef019-f6c0-4004-876e-8c8962ad12e5" testListId="8c84fa94-04c1-424b-9868-57a2d4851a1d" />
    <TestEntry testId="d444c8ef-7a85-3095-10e2-a34420f25e87" executionId="3576dbc8-8a6e-4575-9024-b3a8b70da799" testListId="8c84fa94-04c1-424b-9868-57a2d4851a1d" />
    <TestEntry testId="d44c6b59-372d-0646-693f-fc3a03d49c04" executionId="46ff199b-91a5-440a-8a2d-85a09335046e" testListId="8c84fa94-04c1-424b-9868-57a2d4851a1d" />
    <TestEntry testId="dd412b0e-d628-8f01-e0a4-5e77acfa7c8b" executionId="77034f86-0fc1-4724-9001-20fbc79a457c" testListId="8c84fa94-04c1-424b-9868-57a2d4851a1d" />
    <TestEntry testId="e0b78af8-8a90-007d-2a79-f225969e57da" executionId="caf7169d-431e-4792-a5a0-65f9e60ac4b3" testListId="8c84fa94-04c1-424b-9868-57a2d4851a1d" />
    <TestEntry testId="ee373636-ec40-9dc5-890d-b66b2ccb8eb4" executionId="c2a580d9-a923-41ae-a1dd-98ac5f8543b1" testListId="8c84fa94-04c1-424b-9868-57a2d4851a1d" />
    <TestEntry testId="efb5fa6b-5a69-f4e0-f88c-68f50d3482fd" executionId="ee5df55e-c9e1-4229-8b42-f8ff39af2ff9" testListId="8c84fa94-04c1-424b-9868-57a2d4851a1d" />
    <TestEntry testId="effbe08d-18fe-b7b9-25e3-b37c2eb4dba0" executionId="4e7eb0a2-514e-4d7f-a4d0-987624793277" testListId="8c84fa94-04c1-424b-9868-57a2d4851a1d" />
    <TestEntry testId="f0a1ce69-fd17-64a3-dac7-0ffe37622dd4" executionId="ab5a86c2-c62c-47ad-8e8c-c43a66be1e38" testListId="8c84fa94-04c1-424b-9868-57a2d4851a1d" />
    <TestEntry testId="f1cfe9b5-f467-e939-f956-35e0d791843c" executionId="5746da39-71b6-4b34-8911-428b61d9ce20" testListId="8c84fa94-04c1-424b-9868-57a2d4851a1d" />
    <TestEntry testId="ffdba880-057c-4a34-89d4-85578df4a8d0" executionId="03830428-4da9-4a78-a34e-560dfc2cd998" testListId="8c84fa94-04c1-424b-9868-57a2d4851a1d" />
  </TestEntries>
  <Results>
    <UnitTestResult executionId="68051ae7-8679-4414-b60e-b634775ef00f" testId="01008c0a-38b4-db22-7bed-075c014818cd" testName="CloseTest" computerName="JUNJI_X200" duration="00:00:00.0382442" startTime="2008-12-19T14:42:44.8906250+09:00" endTime="2008-12-19T14:42:45.3281250+09:00" testType="13cdc9d9-ddb5-4fa4-a97d-d965ccfc6d4b" outcome="Passed" testListId="8c84fa94-04c1-424b-9868-57a2d4851a1d">
      <Output>
      </Output>
    </UnitTestResult>
    <UnitTestResult executionId="d07b2c03-ca8d-4ec4-9e85-4c8796845b2c" testId="0fe5c093-1594-a40c-24ba-66e0cdad6410" testName="AddTest" computerName="JUNJI_X200" duration="00:00:00.1369894" startTime="2008-12-19T14:42:45.3281250+09:00" endTime="2008-12-19T14:42:45.4687500+09:00" testType="13cdc9d9-ddb5-4fa4-a97d-d965ccfc6d4b" outcome="Passed" testListId="8c84fa94-04c1-424b-9868-57a2d4851a1d">
      <Output>
      </Output>
    </UnitTestResult>
    <UnitTestResult executionId="889c7221-b3d0-40f7-9a94-ab36a4172fd1" testId="13217adb-c851-e01b-9aa8-9f7189360a63" testName="MainPanelTest" computerName="JUNJI_X200" duration="00:00:00.0013714" startTime="2008-12-19T14:42:45.4843750+09:00" endTime="2008-12-19T14:42:45.4843750+09:00" testType="13cdc9d9-ddb5-4fa4-a97d-d965ccfc6d4b" outcome="Passed" testListId="8c84fa94-04c1-424b-9868-57a2d4851a1d">
      <Output>
      </Output>
    </UnitTestResult>
    <UnitTestResult executionId="c75820cd-8bd8-4cb2-bf76-48c6360ce07e" testId="16022dc8-380a-68ca-eea4-0f5d6bc43397" testName="ShowSubWindowTest" computerName="JUNJI_X200" duration="00:00:00.0030406" startTime="2008-12-19T14:42:45.5000000+09:00" endTime="2008-12-19T14:42:45.5000000+09:00" testType="13cdc9d9-ddb5-4fa4-a97d-d965ccfc6d4b" outcome="Passed" testListId="8c84fa94-04c1-424b-9868-57a2d4851a1d">
      <Output>
      </Output>
    </UnitTestResult>
    <UnitTestResult executionId="4a2ae868-2464-44c0-8197-93d1210a7e38" testId="19d837bc-2775-ce09-7b6d-fe86e6700a3e" testName="ClearTest" computerName="JUNJI_X200" duration="00:00:00.0009344" startTime="2008-12-19T14:42:45.5156250+09:00" endTime="2008-12-19T14:42:45.5156250+09:00" testType="13cdc9d9-ddb5-4fa4-a97d-d965ccfc6d4b" outcome="Passed" testListId="8c84fa94-04c1-424b-9868-57a2d4851a1d">
      <Output>
      </Output>
    </UnitTestResult>
    <UnitTestResult executionId="035ec280-91b0-4829-befb-391b597425d8" testId="1f5a8d4b-688c-6ccd-50a3-93066a1c7e4d" testName="TextTest" computerName="JUNJI_X200" duration="00:00:00.0008009" startTime="2008-12-19T14:42:45.5312500+09:00" endTime="2008-12-19T14:42:45.5312500+09:00" testType="13cdc9d9-ddb5-4fa4-a97d-d965ccfc6d4b" outcome="Passed" testListId="8c84fa94-04c1-424b-9868-57a2d4851a1d">
      <Output>
      </Output>
    </UnitTestResult>
    <UnitTestResult executionId="9ac625bb-0b6c-49ae-a7ff-9fb42360ee29" testId="26208305-4ee1-2bbf-668b-a2a6096ba9af" testName="AutoHideAllSubWindowsTest" computerName="JUNJI_X200" duration="00:00:00.0036943" startTime="2008-12-19T14:42:45.5468750+09:00" endTime="2008-12-19T14:42:45.5468750+09:00" testType="13cdc9d9-ddb5-4fa4-a97d-d965ccfc6d4b" outcome="Passed" testListId="8c84fa94-04c1-424b-9868-57a2d4851a1d">
      <Output>
      </Output>
    </UnitTestResult>
    <UnitTestResult executionId="9e37a87d-3191-4701-ac92-03f529625979" testId="26c40231-ed0a-e575-3931-619fc5b90ff9" testName="DoTest" computerName="JUNJI_X200" duration="00:00:00.0220514" startTime="2008-12-19T14:42:45.5625000+09:00" endTime="2008-12-19T14:42:45.5937500+09:00" testType="13cdc9d9-ddb5-4fa4-a97d-d965ccfc6d4b" outcome="Passed" testListId="8c84fa94-04c1-424b-9868-57a2d4851a1d">
      <Output>
      </Output>
    </UnitTestResult>
    <UnitTestResult executionId="446b247b-1902-4eb7-8a90-0732acb3746e" testId="2bb114e9-dfcb-0e19-b3d0-5d64ea76848c" testName="ItemTest" computerName="JUNJI_X200" duration="00:00:00.0005981" startTime="2008-12-19T14:42:45.5937500+09:00" endTime="2008-12-19T14:42:45.6093750+09:00" testType="13cdc9d9-ddb5-4fa4-a97d-d965ccfc6d4b" outcome="Passed" testListId="8c84fa94-04c1-424b-9868-57a2d4851a1d">
      <Output>
      </Output>
    </UnitTestResult>
    <UnitTestResult executionId="6dad2c39-ec77-41df-8313-8c77dcb29271" testId="2d9ad34b-3ed9-af01-73f7-c7f67f8c8707" testName="UndoTextTest" computerName="JUNJI_X200" duration="00:00:00.0050338" startTime="2008-12-19T14:42:45.6093750+09:00" endTime="2008-12-19T14:42:45.6250000+09:00" testType="13cdc9d9-ddb5-4fa4-a97d-d965ccfc6d4b" outcome="Passed" testListId="8c84fa94-04c1-424b-9868-57a2d4851a1d">
      <Output>
      </Output>
    </UnitTestResult>
    <UnitTestResult executionId="e0b333ba-031c-46ab-908e-2e98c6c576dc" testId="31fe258c-7a15-d206-e5ae-dc70a11ce568" testName="ContainsTest1" computerName="JUNJI_X200" duration="00:00:00.0004846" startTime="2008-12-19T14:42:45.6250000+09:00" endTime="2008-12-19T14:42:45.6250000+09:00" testType="13cdc9d9-ddb5-4fa4-a97d-d965ccfc6d4b" outcome="Passed" testListId="8c84fa94-04c1-424b-9868-57a2d4851a1d">
      <Output>
      </Output>
    </UnitTestResult>
    <UnitTestResult executionId="e7f93bfb-219f-43ec-b253-800598be647f" testId="35a87328-ed1e-728c-111c-bf06991f7a9d" testName="CountTest" computerName="JUNJI_X200" duration="00:00:00.0006634" startTime="2008-12-19T14:42:45.6406250+09:00" endTime="2008-12-19T14:42:45.6406250+09:00" testType="13cdc9d9-ddb5-4fa4-a97d-d965ccfc6d4b" outcome="Passed" testListId="8c84fa94-04c1-424b-9868-57a2d4851a1d">
      <Output>
      </Output>
    </UnitTestResult>
    <UnitTestResult executionId="3514d7e6-7d55-472c-b723-4551d8b3e2c1" testId="3d993382-acd3-2e8c-507e-77ef8e1207c5" testName="DoTest" computerName="JUNJI_X200" duration="00:00:00.0072148" startTime="2008-12-19T14:42:45.6562500+09:00" endTime="2008-12-19T14:42:45.6562500+09:00" testType="13cdc9d9-ddb5-4fa4-a97d-d965ccfc6d4b" outcome="Passed" testListId="8c84fa94-04c1-424b-9868-57a2d4851a1d">
      <Output>
      </Output>
    </UnitTestResult>
    <UnitTestResult executionId="c1fdb702-1fe4-43f2-84dd-75b7d05e7a95" testId="3e348342-8790-e31d-abb3-3ec459875f94" testName="HideAllSubWindowsTest" computerName="JUNJI_X200" duration="00:00:00.0030193" startTime="2008-12-19T14:42:45.6718750+09:00" endTime="2008-12-19T14:42:45.6875000+09:00" testType="13cdc9d9-ddb5-4fa4-a97d-d965ccfc6d4b" outcome="Passed" testListId="8c84fa94-04c1-424b-9868-57a2d4851a1d">
      <Output>
      </Output>
    </UnitTestResult>
    <UnitTestResult executionId="3f1be5f6-7195-4177-a8f8-2572e7e98d7e" testId="4366fb21-f797-41ea-f9fa-67661cbd8930" testName="SubWindowCountTest" computerName="JUNJI_X200" duration="00:00:00.0008450" startTime="2008-12-19T14:42:45.6875000+09:00" endTime="2008-12-19T14:42:45.6875000+09:00" testType="13cdc9d9-ddb5-4fa4-a97d-d965ccfc6d4b" outcome="Passed" testListId="8c84fa94-04c1-424b-9868-57a2d4851a1d">
      <Output>
      </Output>
    </UnitTestResult>
    <UnitTestResult executionId="83745cf3-2d9e-4c5b-8b3f-e8aefb90e4dd" testId="509def64-5747-dc71-2bb7-1cfa38134311" testName="DoActionTest" computerName="JUNJI_X200" duration="00:00:00.0005338" startTime="2008-12-19T14:42:45.7031250+09:00" endTime="2008-12-19T14:42:45.7031250+09:00" testType="13cdc9d9-ddb5-4fa4-a97d-d965ccfc6d4b" outcome="Passed" testListId="8c84fa94-04c1-424b-9868-57a2d4851a1d">
      <Output>
      </Output>
    </UnitTestResult>
    <UnitTestResult executionId="20b5354f-085d-4cc8-b49a-f02b196928e1" testId="51decc5c-6228-095a-884b-129b1a3a4f2f" testName="ContainSubWindowTest" computerName="JUNJI_X200" duration="00:00:00.0006299" startTime="2008-12-19T14:42:45.7187500+09:00" endTime="2008-12-19T14:42:45.7187500+09:00" testType="13cdc9d9-ddb5-4fa4-a97d-d965ccfc6d4b" outcome="Passed" testListId="8c84fa94-04c1-424b-9868-57a2d4851a1d">
      <Output>
      </Output>
    </UnitTestResult>
    <UnitTestResult executionId="7e867c25-c6c6-4b83-8788-759aed6647b1" testId="64176b84-127e-5a32-307a-76867064655e" testName="RemoveTest" computerName="JUNJI_X200" duration="00:00:00.0008925" startTime="2008-12-19T14:42:45.7187500+09:00" endTime="2008-12-19T14:42:45.7187500+09:00" testType="13cdc9d9-ddb5-4fa4-a97d-d965ccfc6d4b" outcome="Passed" testListId="8c84fa94-04c1-424b-9868-57a2d4851a1d">
      <Output>
      </Output>
    </UnitTestResult>
    <UnitTestResult executionId="3a949207-697a-42c2-a853-ce3582658474" testId="70eb10c6-60d6-1aed-113b-d8ddd59c7274" testName="ShowAllSubWindowsTest" computerName="JUNJI_X200" duration="00:00:00.0014110" startTime="2008-12-19T14:42:45.7343750+09:00" endTime="2008-12-19T14:42:45.7343750+09:00" testType="13cdc9d9-ddb5-4fa4-a97d-d965ccfc6d4b" outcome="Passed" testListId="8c84fa94-04c1-424b-9868-57a2d4851a1d">
      <Output>
      </Output>
    </UnitTestResult>
    <UnitTestResult executionId="1d913366-bb40-4fe1-aa19-80a5a1924752" testId="7c7d94e0-f4e5-0a1c-9114-cccf6ff5ef63" testName="サブウィンドウの表示" computerName="JUNJI_X200" duration="00:00:00.1206832" startTime="2008-12-19T14:42:45.7500000+09:00" endTime="2008-12-19T14:42:45.8750000+09:00" testType="13cdc9d9-ddb5-4fa4-a97d-d965ccfc6d4b" outcome="Passed" testListId="8c84fa94-04c1-424b-9868-57a2d4851a1d">
      <Output>
      </Output>
    </UnitTestResult>
    <UnitTestResult executionId="73be09a6-0db5-4001-a73e-ccb5d948252d" testId="7cc220c8-4ec6-919c-df5f-687b8f2186a6" testName="RemoveTest1" computerName="JUNJI_X200" duration="00:00:00.0010132" startTime="2008-12-19T14:42:45.8750000+09:00" endTime="2008-12-19T14:42:45.8906250+09:00" testType="13cdc9d9-ddb5-4fa4-a97d-d965ccfc6d4b" outcome="Passed" testListId="8c84fa94-04c1-424b-9868-57a2d4851a1d">
      <Output>
      </Output>
    </UnitTestResult>
    <UnitTestResult executionId="f9dd07f6-997c-4369-bf45-215454879196" testId="7e3dee61-5d71-11a2-234d-27d093e91f58" testName="ToDecimalTest" computerName="JUNJI_X200" duration="00:00:00.0071539" startTime="2008-12-19T14:42:45.8906250+09:00" endTime="2008-12-19T14:42:45.9062500+09:00" testType="13cdc9d9-ddb5-4fa4-a97d-d965ccfc6d4b" outcome="Passed" testListId="8c84fa94-04c1-424b-9868-57a2d4851a1d">
      <Output>
      </Output>
    </UnitTestResult>
    <UnitTestResult executionId="8618f1db-20ae-4be0-912e-19cf446bf447" testId="82b3d227-4f38-8f00-6fd4-2298178d2335" testName="SubWindowConstructorTest" computerName="JUNJI_X200" duration="00:00:00.0006475" startTime="2008-12-19T14:42:45.9218750+09:00" endTime="2008-12-19T14:42:45.9218750+09:00" testType="13cdc9d9-ddb5-4fa4-a97d-d965ccfc6d4b" outcome="Passed" testListId="8c84fa94-04c1-424b-9868-57a2d4851a1d">
      <Output>
      </Output>
    </UnitTestResult>
    <UnitTestResult executionId="c4d541db-b6a7-4e79-b793-15be2afd749c" testId="85c6fa8c-1107-0412-a84d-3194b967f3af" testName="SaveAsTest" computerName="JUNJI_X200" duration="00:00:00.0150792" startTime="2008-12-19T14:42:45.9218750+09:00" endTime="2008-12-19T14:42:45.9531250+09:00" testType="13cdc9d9-ddb5-4fa4-a97d-d965ccfc6d4b" outcome="Passed" testListId="8c84fa94-04c1-424b-9868-57a2d4851a1d">
      <Output>
      </Output>
    </UnitTestResult>
    <UnitTestResult executionId="9f365898-0f63-4db8-996b-df293f13e414" testId="8953f5e7-8b98-238c-a76e-e00cfa56be20" testName="ToStringTest" computerName="JUNJI_X200" duration="00:00:34.6718750" startTime="2008-12-19T14:42:45.9531250+09:00" endTime="2008-12-19T14:43:20.6250000+09:00" testType="13cdc9d9-ddb5-4fa4-a97d-d965ccfc6d4b" outcome="Aborted" testListId="8c84fa94-04c1-424b-9868-57a2d4851a1d">
    </UnitTestResult>
    <UnitTestResult executionId="e2c20e17-94d8-4592-a431-cad6e2a3f2ff" testId="8f6abe94-169f-c848-5f9f-ca5323600722" testName="VisibleTest" computerName="JUNJI_X200" duration="00:00:00" startTime="0001-01-01T09:00:00.0000000+09:00" endTime="0001-01-01T09:00:00.0000000+09:00" testType="13cdc9d9-ddb5-4fa4-a97d-d965ccfc6d4b" outcome="NotExecuted" testListId="8c84fa94-04c1-424b-9868-57a2d4851a1d">
    </UnitTestResult>
    <UnitTestResult executionId="9de15f6d-e604-4247-8331-44b114032da1" testId="90959070-68a5-06bc-59ea-8523f5d39a5a" testName="UndoTest" computerName="JUNJI_X200" duration="00:00:00" startTime="0001-01-01T09:00:00.0000000+09:00" endTime="0001-01-01T09:00:00.0000000+09:00" testType="13cdc9d9-ddb5-4fa4-a97d-d965ccfc6d4b" outcome="NotExecuted" testListId="8c84fa94-04c1-424b-9868-57a2d4851a1d">
    </UnitTestResult>
    <UnitTestResult executionId="27e7cfec-7d5e-441b-bc6a-88ba4028f546" testId="95ff24c7-65f3-efed-30d6-e634b240e13e" testName="EnabledTest" computerName="JUNJI_X200" duration="00:00:00" startTime="0001-01-01T09:00:00.0000000+09:00" endTime="0001-01-01T09:00:00.0000000+09:00" testType="13cdc9d9-ddb5-4fa4-a97d-d965ccfc6d4b" outcome="NotExecuted" testListId="8c84fa94-04c1-424b-9868-57a2d4851a1d">
    </UnitTestResult>
    <UnitTestResult executionId="f358a5ac-1de0-42e5-bea4-1a3b41c17229" testId="97066ec0-de39-6bdf-b221-1476b7981979" testName="サブウィンドウの追加" computerName="JUNJI_X200" duration="00:00:00" startTime="0001-01-01T09:00:00.0000000+09:00" endTime="0001-01-01T09:00:00.0000000+09:00" testType="13cdc9d9-ddb5-4fa4-a97d-d965ccfc6d4b" outcome="NotExecuted" testListId="8c84fa94-04c1-424b-9868-57a2d4851a1d">
    </UnitTestResult>
    <UnitTestResult executionId="32b18ffc-f12e-4cfc-8b3e-093303ff2514" testId="9ed3a1b3-9e47-c0d7-180c-aafddb36719d" testName="DockStateTest" computerName="JUNJI_X200" duration="00:00:00" startTime="0001-01-01T09:00:00.0000000+09:00" endTime="0001-01-01T09:00:00.0000000+09:00" testType="13cdc9d9-ddb5-4fa4-a97d-d965ccfc6d4b" outcome="NotExecuted" testListId="8c84fa94-04c1-424b-9868-57a2d4851a1d">
    </UnitTestResult>
    <UnitTestResult executionId="429b7a34-4081-4e4c-8f68-17c21b56d861" testId="a0a7198b-b6bc-50d8-ffbd-3361891fcb37" testName="GeneralCommandConstructorTest" computerName="JUNJI_X200" duration="00:00:00" startTime="0001-01-01T09:00:00.0000000+09:00" endTime="0001-01-01T09:00:00.0000000+09:00" testType="13cdc9d9-ddb5-4fa4-a97d-d965ccfc6d4b" outcome="NotExecuted" testListId="8c84fa94-04c1-424b-9868-57a2d4851a1d">
    </UnitTestResult>
    <UnitTestResult executionId="16ccdea2-7c48-447c-b716-d4c0eb36b509" testId="a1013dd6-3f9f-4bd5-1e24-3800b1add468" testName="RedoTextTest" computerName="JUNJI_X200" duration="00:00:00" startTime="0001-01-01T09:00:00.0000000+09:00" endTime="0001-01-01T09:00:00.0000000+09:00" testType="13cdc9d9-ddb5-4fa4-a97d-d965ccfc6d4b" outcome="NotExecuted" testListId="8c84fa94-04c1-424b-9868-57a2d4851a1d">
    </UnitTestResult>
    <UnitTestResult executionId="846f0ac7-dd18-4379-adad-89c642dbbd52" testId="a96cb228-1c07-9cd5-ef63-1bc6e25af05b" testName="CanRedoTest" computerName="JUNJI_X200" duration="00:00:00" startTime="0001-01-01T09:00:00.0000000+09:00" endTime="0001-01-01T09:00:00.0000000+09:00" testType="13cdc9d9-ddb5-4fa4-a97d-d965ccfc6d4b" outcome="NotExecuted" testListId="8c84fa94-04c1-424b-9868-57a2d4851a1d">
    </UnitTestResult>
    <UnitTestResult executionId="abc76d1f-07c3-4772-804e-72b16f35ba12" testId="ac0a3c32-c791-d575-1a12-d85639611058" testName="SubWindowsTest" computerName="JUNJI_X200" duration="00:00:00" startTime="0001-01-01T09:00:00.0000000+09:00" endTime="0001-01-01T09:00:00.0000000+09:00" testType="13cdc9d9-ddb5-4fa4-a97d-d965ccfc6d4b" outcome="NotExecuted" testListId="8c84fa94-04c1-424b-9868-57a2d4851a1d">
    </UnitTestResult>
    <UnitTestResult executionId="150d407a-d8d8-457d-ae90-40943c3658c1" testId="b9595dc2-5142-09dc-9311-d50060ba94aa" testName="RedoTest" computerName="JUNJI_X200" duration="00:00:00" startTime="0001-01-01T09:00:00.0000000+09:00" endTime="0001-01-01T09:00:00.0000000+09:00" testType="13cdc9d9-ddb5-4fa4-a97d-d965ccfc6d4b" outcome="NotExecuted" testListId="8c84fa94-04c1-424b-9868-57a2d4851a1d">
    </UnitTestResult>
    <UnitTestResult executionId="a32e33e9-f684-4b79-b2dd-f30ef128dc7e" testId="c391a614-dd7b-4f57-2b54-64c82a20a3fb" testName="CanUndoTest" computerName="JUNJI_X200" duration="00:00:00" startTime="0001-01-01T09:00:00.0000000+09:00" endTime="0001-01-01T09:00:00.0000000+09:00" testType="13cdc9d9-ddb5-4fa4-a97d-d965ccfc6d4b" outcome="NotExecuted" testListId="8c84fa94-04c1-424b-9868-57a2d4851a1d">
    </UnitTestResult>
    <UnitTestResult executionId="0a001019-a14f-4eef-93b9-a510d6af785e" testId="c5fa65bd-7703-1d30-62d5-192694180686" testName="AutoHideSubWindowTest" computerName="JUNJI_X200" duration="00:00:00" startTime="0001-01-01T09:00:00.0000000+09:00" endTime="0001-01-01T09:00:00.0000000+09:00" testType="13cdc9d9-ddb5-4fa4-a97d-d965ccfc6d4b" outcome="NotExecuted" testListId="8c84fa94-04c1-424b-9868-57a2d4851a1d">
    </UnitTestResult>
    <UnitTestResult executionId="a5e0af5f-06ab-4dca-be3f-38395db66482" testId="ca3deacc-fed3-0b0d-e1df-7f3ef9994f1c" testName="UndoTest" computerName="JUNJI_X200" duration="00:00:00" startTime="0001-01-01T09:00:00.0000000+09:00" endTime="0001-01-01T09:00:00.0000000+09:00" testType="13cdc9d9-ddb5-4fa4-a97d-d965ccfc6d4b" outcome="NotExecuted" testListId="8c84fa94-04c1-424b-9868-57a2d4851a1d">
    </UnitTestResult>
    <UnitTestResult executionId="634ef019-f6c0-4004-876e-8c8962ad12e5" testId="ce399eed-e5c9-7277-d484-9e5c131d56a6" testName="DoneTest" computerName="JUNJI_X200" duration="00:00:00" startTime="0001-01-01T09:00:00.0000000+09:00" endTime="0001-01-01T09:00:00.0000000+09:00" testType="13cdc9d9-ddb5-4fa4-a97d-d965ccfc6d4b" outcome="NotExecuted" testListId="8c84fa94-04c1-424b-9868-57a2d4851a1d">
    </UnitTestResult>
    <UnitTestResult executionId="3576dbc8-8a6e-4575-9024-b3a8b70da799" testId="d444c8ef-7a85-3095-10e2-a34420f25e87" testName="サブウィンドウの非表示" computerName="JUNJI_X200" duration="00:00:00" startTime="0001-01-01T09:00:00.0000000+09:00" endTime="0001-01-01T09:00:00.0000000+09:00" testType="13cdc9d9-ddb5-4fa4-a97d-d965ccfc6d4b" outcome="NotExecuted" testListId="8c84fa94-04c1-424b-9868-57a2d4851a1d">
    </UnitTestResult>
    <UnitTestResult executionId="46ff199b-91a5-440a-8a2d-85a09335046e" testId="d44c6b59-372d-0646-693f-fc3a03d49c04" testName="ContainsTest" computerName="JUNJI_X200" duration="00:00:00" startTime="0001-01-01T09:00:00.0000000+09:00" endTime="0001-01-01T09:00:00.0000000+09:00" testType="13cdc9d9-ddb5-4fa4-a97d-d965ccfc6d4b" outcome="NotExecuted" testListId="8c84fa94-04c1-424b-9868-57a2d4851a1d">
    </UnitTestResult>
    <UnitTestResult executionId="77034f86-0fc1-4724-9001-20fbc79a457c" testId="dd412b0e-d628-8f01-e0a4-5e77acfa7c8b" testName="TextTest" computerName="JUNJI_X200" duration="00:00:00" startTime="0001-01-01T09:00:00.0000000+09:00" endTime="0001-01-01T09:00:00.0000000+09:00" testType="13cdc9d9-ddb5-4fa4-a97d-d965ccfc6d4b" outcome="NotExecuted" testListId="8c84fa94-04c1-424b-9868-57a2d4851a1d">
    </UnitTestResult>
    <UnitTestResult executionId="caf7169d-431e-4792-a5a0-65f9e60ac4b3" testId="e0b78af8-8a90-007d-2a79-f225969e57da" testName="ParentTest" computerName="JUNJI_X200" duration="00:00:00" startTime="0001-01-01T09:00:00.0000000+09:00" endTime="0001-01-01T09:00:00.0000000+09:00" testType="13cdc9d9-ddb5-4fa4-a97d-d965ccfc6d4b" outcome="NotExecuted" testListId="8c84fa94-04c1-424b-9868-57a2d4851a1d">
    </UnitTestResult>
    <UnitTestResult executionId="c2a580d9-a923-41ae-a1dd-98ac5f8543b1" testId="ee373636-ec40-9dc5-890d-b66b2ccb8eb4" testName="HideSubWindowTest" computerName="JUNJI_X200" duration="00:00:00" startTime="0001-01-01T09:00:00.0000000+09:00" endTime="0001-01-01T09:00:00.0000000+09:00" testType="13cdc9d9-ddb5-4fa4-a97d-d965ccfc6d4b" outcome="NotExecuted" testListId="8c84fa94-04c1-424b-9868-57a2d4851a1d">
    </UnitTestResult>
    <UnitTestResult executionId="ee5df55e-c9e1-4229-8b42-f8ff39af2ff9" testId="efb5fa6b-5a69-f4e0-f88c-68f50d3482fd" testName="NameTest" computerName="JUNJI_X200" duration="00:00:00" startTime="0001-01-01T09:00:00.0000000+09:00" endTime="0001-01-01T09:00:00.0000000+09:00" testType="13cdc9d9-ddb5-4fa4-a97d-d965ccfc6d4b" outcome="NotExecuted" testListId="8c84fa94-04c1-424b-9868-57a2d4851a1d">
    </UnitTestResult>
    <UnitTestResult executionId="4e7eb0a2-514e-4d7f-a4d0-987624793277" testId="effbe08d-18fe-b7b9-25e3-b37c2eb4dba0" testName="UndoActionTest" computerName="JUNJI_X200" duration="00:00:00" startTime="0001-01-01T09:00:00.0000000+09:00" endTime="0001-01-01T09:00:00.0000000+09:00" testType="13cdc9d9-ddb5-4fa4-a97d-d965ccfc6d4b" outcome="NotExecuted" testListId="8c84fa94-04c1-424b-9868-57a2d4851a1d">
    </UnitTestResult>
    <UnitTestResult executionId="ab5a86c2-c62c-47ad-8e8c-c43a66be1e38" testId="f0a1ce69-fd17-64a3-dac7-0ffe37622dd4" testName="SaveTest" computerName="JUNJI_X200" duration="00:00:00" startTime="0001-01-01T09:00:00.0000000+09:00" endTime="0001-01-01T09:00:00.0000000+09:00" testType="13cdc9d9-ddb5-4fa4-a97d-d965ccfc6d4b" outcome="NotExecuted" testListId="8c84fa94-04c1-424b-9868-57a2d4851a1d">
    </UnitTestResult>
    <UnitTestResult executionId="5746da39-71b6-4b34-8911-428b61d9ce20" testId="f1cfe9b5-f467-e939-f956-35e0d791843c" testName="AddSubWindowTest" computerName="JUNJI_X200" duration="00:00:00" startTime="0001-01-01T09:00:00.0000000+09:00" endTime="0001-01-01T09:00:00.0000000+09:00" testType="13cdc9d9-ddb5-4fa4-a97d-d965ccfc6d4b" outcome="NotExecuted" testListId="8c84fa94-04c1-424b-9868-57a2d4851a1d">
    </UnitTestResult>
    <UnitTestResult executionId="03830428-4da9-4a78-a34e-560dfc2cd998" testId="ffdba880-057c-4a34-89d4-85578df4a8d0" testName="GetSubWindowTest" computerName="JUNJI_X200" duration="00:00:00" startTime="0001-01-01T09:00:00.0000000+09:00" endTime="0001-01-01T09:00:00.0000000+09:00" testType="13cdc9d9-ddb5-4fa4-a97d-d965ccfc6d4b" outcome="NotExecuted" testListId="8c84fa94-04c1-424b-9868-57a2d4851a1d">
    </UnitTestResult>
  </Results>
</TestRun>